[0.010s][info][gc] Using Parallel
[0.134s][info][gc] GC(0) Pause Young (Allocation Failure) 2M->1M(11M) 1.507ms
[1.367s][info][gc] GC(1) Pause Young (Allocation Failure) 4M->3M(11M) 1.879ms
[1.482s][info][gc] GC(2) Pause Young (Allocation Failure) 6M->3M(11M) 2.217ms
[9.509s][info][gc] GC(3) Pause Young (Allocation Failure) 6M->4M(11M) 1.642ms
[30.644s][info][gc] GC(4) Pause Young (Allocation Failure) 7M->4M(11M) 1.339ms
[32.043s][info][gc] GC(5) Pause Young (Allocation Failure) 7M->4M(10M) 1.319ms
[43.404s][info][gc] GC(6) Pause Young (Allocation Failure) 6M->4M(11M) 1.525ms
[52.530s][info][gc] GC(7) Pause Young (Allocation Failure) 6M->5M(11M) 0.574ms
[70.534s][info][gc] GC(8) Pause Young (Allocation Failure) 7M->5M(11M) 0.335ms
[89.540s][info][gc] GC(9) Pause Young (Allocation Failure) 7M->5M(11M) 0.278ms
[108.548s][info][gc] GC(10) Pause Young (Allocation Failure) 7M->5M(11M) 0.250ms
[127.559s][info][gc] GC(11) Pause Young (Allocation Failure) 7M->5M(11M) 0.271ms
[146.566s][info][gc] GC(12) Pause Young (Allocation Failure) 7M->5M(11M) 0.283ms
[165.573s][info][gc] GC(13) Pause Young (Allocation Failure) 7M->5M(11M) 0.234ms
[184.580s][info][gc] GC(14) Pause Young (Allocation Failure) 7M->5M(11M) 0.213ms
[194.763s][info][gc] GC(15) Pause Young (Allocation Failure) 6M->5M(11M) 0.190ms
[204.586s][info][gc] GC(16) Pause Young (Allocation Failure) 7M->5M(11M) 0.218ms
[224.555s][info][gc] GC(17) Pause Young (Allocation Failure) 7M->5M(11M) 0.231ms
[243.600s][info][gc] GC(18) Pause Young (Allocation Failure) 7M->5M(11M) 0.226ms
[244.276s][info][gc] GC(19) Pause Young (Allocation Failure) 7M->6M(11M) 0.307ms
[244.279s][info][gc] GC(20) Pause Young (Allocation Failure) 8M->6M(11M) 0.391ms
[244.292s][info][gc] GC(21) Pause Young (Allocation Failure) 8M->6M(11M) 0.181ms
[244.302s][info][gc] GC(22) Pause Young (Allocation Failure) 8M->6M(11M) 0.158ms
[244.305s][info][gc] GC(23) Pause Young (Allocation Failure) 8M->6M(11M) 0.193ms
[244.307s][info][gc] GC(24) Pause Young (Allocation Failure) 8M->6M(11M) 0.129ms
[244.309s][info][gc] GC(25) Pause Young (Allocation Failure) 8M->6M(11M) 0.124ms
[244.312s][info][gc] GC(26) Pause Young (Allocation Failure) 8M->7M(11M) 0.173ms
[244.314s][info][gc] GC(27) Pause Young (Allocation Failure) 9M->7M(11M) 0.245ms
[244.324s][info][gc] GC(28) Pause Full (Ergonomics) 7M->5M(11M) 9.699ms
[244.327s][info][gc] GC(29) Pause Young (Allocation Failure) 7M->5M(11M) 0.213ms
[244.329s][info][gc] GC(30) Pause Young (Allocation Failure) 7M->5M(11M) 0.135ms
[244.332s][info][gc] GC(31) Pause Young (Allocation Failure) 7M->5M(11M) 0.146ms
[244.334s][info][gc] GC(32) Pause Young (Allocation Failure) 7M->5M(11M) 0.148ms
[244.336s][info][gc] GC(33) Pause Young (Allocation Failure) 7M->6M(11M) 0.161ms
[253.606s][info][gc] GC(34) Pause Young (Allocation Failure) 8M->5M(11M) 0.213ms
[272.611s][info][gc] GC(35) Pause Young (Allocation Failure) 7M->5M(11M) 0.213ms
[291.618s][info][gc] GC(36) Pause Young (Allocation Failure) 7M->5M(11M) 0.201ms
