[0.020s][info][gc] Using The Z Garbage Collector
[0.143s][info][gc] GC(0) Garbage Collection (Warmup) 6M(30%)->8M(40%)
[0.240s][info][gc] GC(1) Garbage Collection (Warmup) 8M(40%)->6M(30%)
[0.338s][info][gc] GC(2) Garbage Collection (Warmup) 6M(30%)->6M(30%)
[0.438s][info][gc] GC(3) Garbage Collection (Allocation Rate) 6M(30%)->6M(30%)
[0.538s][info][gc] GC(4) Garbage Collection (Allocation Rate) 6M(30%)->6M(30%)
[0.638s][info][gc] GC(5) Garbage Collection (Allocation Rate) 6M(30%)->6M(30%)
[0.738s][info][gc] GC(6) Garbage Collection (Allocation Rate) 6M(30%)->6M(30%)
[0.839s][info][gc] GC(7) Garbage Collection (Allocation Rate) 6M(30%)->6M(30%)
[0.938s][info][gc] GC(8) Garbage Collection (Allocation Rate) 6M(30%)->6M(30%)
[1.040s][info][gc] GC(9) Garbage Collection (Allocation Rate) 8M(40%)->6M(30%)
[1.139s][info][gc] GC(10) Garbage Collection (Allocation Rate) 6M(30%)->6M(30%)
[3.339s][info][gc] GC(11) Garbage Collection (Proactive) 8M(40%)->6M(30%)
[3.645s][info][gc] GC(12) Garbage Collection (Proactive) 10M(50%)->8M(40%)
[4.346s][info][gc] GC(13) Garbage Collection (Proactive) 12M(60%)->8M(40%)
[5.143s][info][gc] GC(14) Garbage Collection (Proactive) 10M(50%)->8M(40%)
[5.843s][info][gc] GC(15) Garbage Collection (Proactive) 10M(50%)->8M(40%)
[6.843s][info][gc] GC(16) Garbage Collection (Proactive) 10M(50%)->8M(40%)
[7.844s][info][gc] GC(17) Garbage Collection (Proactive) 10M(50%)->8M(40%)
[8.844s][info][gc] GC(18) Garbage Collection (Proactive) 10M(50%)->8M(40%)
[9.843s][info][gc] GC(19) Garbage Collection (Proactive) 10M(50%)->8M(40%)
[10.844s][info][gc] GC(20) Garbage Collection (Proactive) 10M(50%)->8M(40%)
[11.843s][info][gc] GC(21) Garbage Collection (Proactive) 10M(50%)->8M(40%)
[12.843s][info][gc] GC(22) Garbage Collection (Proactive) 10M(50%)->8M(40%)
[13.843s][info][gc] GC(23) Garbage Collection (Proactive) 10M(50%)->8M(40%)
[14.843s][info][gc] GC(24) Garbage Collection (Proactive) 10M(50%)->8M(40%)
[15.843s][info][gc] GC(25) Garbage Collection (Proactive) 10M(50%)->8M(40%)
[16.844s][info][gc] GC(26) Garbage Collection (Proactive) 10M(50%)->6M(30%)
[17.842s][info][gc] GC(27) Garbage Collection (Proactive) 8M(40%)->8M(40%)
[18.442s][info][gc] GC(28) Garbage Collection (Proactive) 12M(60%)->10M(50%)
[18.941s][info][gc] GC(29) Garbage Collection (Proactive) 12M(60%)->10M(50%)
[19.841s][info][gc] GC(30) Garbage Collection (Proactive) 12M(60%)->10M(50%)
[20.841s][info][gc] GC(31) Garbage Collection (Proactive) 12M(60%)->10M(50%)
[21.842s][info][gc] GC(32) Garbage Collection (Proactive) 12M(60%)->10M(50%)
[22.842s][info][gc] GC(33) Garbage Collection (Proactive) 12M(60%)->10M(50%)
[23.841s][info][gc] GC(34) Garbage Collection (Proactive) 12M(60%)->10M(50%)
[24.841s][info][gc] GC(35) Garbage Collection (Proactive) 12M(60%)->10M(50%)
[25.842s][info][gc] GC(36) Garbage Collection (Proactive) 12M(60%)->10M(50%)
[26.842s][info][gc] GC(37) Garbage Collection (Proactive) 12M(60%)->10M(50%)
[27.841s][info][gc] GC(38) Garbage Collection (Proactive) 12M(60%)->10M(50%)
[28.841s][info][gc] GC(39) Garbage Collection (Proactive) 12M(60%)->10M(50%)
[29.841s][info][gc] GC(40) Garbage Collection (Proactive) 12M(60%)->10M(50%)
[30.841s][info][gc] GC(41) Garbage Collection (Proactive) 12M(60%)->10M(50%)
[31.841s][info][gc] GC(42) Garbage Collection (Proactive) 12M(60%)->10M(50%)
[32.841s][info][gc] GC(43) Garbage Collection (Proactive) 12M(60%)->10M(50%)
[33.841s][info][gc] GC(44) Garbage Collection (Proactive) 12M(60%)->10M(50%)
[34.841s][info][gc] GC(45) Garbage Collection (Proactive) 12M(60%)->10M(50%)
[35.841s][info][gc] GC(46) Garbage Collection (Proactive) 12M(60%)->10M(50%)
[36.842s][info][gc] GC(47) Garbage Collection (Proactive) 12M(60%)->10M(50%)
[37.841s][info][gc] GC(48) Garbage Collection (Proactive) 12M(60%)->10M(50%)
[38.842s][info][gc] GC(49) Garbage Collection (Proactive) 12M(60%)->10M(50%)
[39.842s][info][gc] GC(50) Garbage Collection (Proactive) 12M(60%)->10M(50%)
[40.842s][info][gc] GC(51) Garbage Collection (Proactive) 12M(60%)->10M(50%)
[41.841s][info][gc] GC(52) Garbage Collection (Proactive) 12M(60%)->10M(50%)
[42.841s][info][gc] GC(53) Garbage Collection (Proactive) 12M(60%)->10M(50%)
[43.841s][info][gc] GC(54) Garbage Collection (Proactive) 12M(60%)->10M(50%)
[44.841s][info][gc] GC(55) Garbage Collection (Proactive) 12M(60%)->10M(50%)
[45.841s][info][gc] GC(56) Garbage Collection (Proactive) 12M(60%)->10M(50%)
[46.842s][info][gc] GC(57) Garbage Collection (Proactive) 12M(60%)->10M(50%)
[47.841s][info][gc] GC(58) Garbage Collection (Proactive) 12M(60%)->10M(50%)
[48.742s][info][gc] GC(59) Garbage Collection (Proactive) 12M(60%)->10M(50%)
[49.143s][info][gc] GC(60) Garbage Collection (Proactive) 12M(60%)->10M(50%)
[49.842s][info][gc] GC(61) Garbage Collection (Proactive) 12M(60%)->10M(50%)
[50.842s][info][gc] GC(62) Garbage Collection (Proactive) 12M(60%)->10M(50%)
[51.841s][info][gc] GC(63) Garbage Collection (Proactive) 12M(60%)->10M(50%)
[52.841s][info][gc] GC(64) Garbage Collection (Proactive) 12M(60%)->10M(50%)
[53.841s][info][gc] GC(65) Garbage Collection (Proactive) 12M(60%)->10M(50%)
[54.841s][info][gc] GC(66) Garbage Collection (Proactive) 12M(60%)->10M(50%)
[55.841s][info][gc] GC(67) Garbage Collection (Proactive) 12M(60%)->10M(50%)
[56.841s][info][gc] GC(68) Garbage Collection (Proactive) 12M(60%)->10M(50%)
[57.841s][info][gc] GC(69) Garbage Collection (Proactive) 12M(60%)->10M(50%)
[58.841s][info][gc] GC(70) Garbage Collection (Proactive) 12M(60%)->10M(50%)
[59.841s][info][gc] GC(71) Garbage Collection (Proactive) 12M(60%)->10M(50%)
[60.842s][info][gc] GC(72) Garbage Collection (Proactive) 12M(60%)->10M(50%)
[61.842s][info][gc] GC(73) Garbage Collection (Proactive) 12M(60%)->10M(50%)
[62.841s][info][gc] GC(74) Garbage Collection (Proactive) 12M(60%)->10M(50%)
[63.741s][info][gc] GC(75) Garbage Collection (Proactive) 12M(60%)->10M(50%)
[64.142s][info][gc] GC(76) Garbage Collection (Proactive) 12M(60%)->10M(50%)
[64.842s][info][gc] GC(77) Garbage Collection (Proactive) 12M(60%)->10M(50%)
[65.841s][info][gc] GC(78) Garbage Collection (Proactive) 12M(60%)->10M(50%)
[66.842s][info][gc] GC(79) Garbage Collection (Proactive) 12M(60%)->10M(50%)
[67.841s][info][gc] GC(80) Garbage Collection (Proactive) 12M(60%)->10M(50%)
[68.841s][info][gc] GC(81) Garbage Collection (Proactive) 12M(60%)->10M(50%)
[69.842s][info][gc] GC(82) Garbage Collection (Proactive) 12M(60%)->10M(50%)
[70.841s][info][gc] GC(83) Garbage Collection (Proactive) 12M(60%)->10M(50%)
[71.841s][info][gc] GC(84) Garbage Collection (Proactive) 12M(60%)->10M(50%)
[72.841s][info][gc] GC(85) Garbage Collection (Proactive) 12M(60%)->10M(50%)
[73.842s][info][gc] GC(86) Garbage Collection (Proactive) 12M(60%)->10M(50%)
[74.841s][info][gc] GC(87) Garbage Collection (Proactive) 12M(60%)->10M(50%)
[75.841s][info][gc] GC(88) Garbage Collection (Proactive) 12M(60%)->10M(50%)
[76.841s][info][gc] GC(89) Garbage Collection (Proactive) 12M(60%)->10M(50%)
[77.841s][info][gc] GC(90) Garbage Collection (Proactive) 12M(60%)->10M(50%)
[78.841s][info][gc] GC(91) Garbage Collection (Proactive) 12M(60%)->10M(50%)
[79.841s][info][gc] GC(92) Garbage Collection (Proactive) 12M(60%)->10M(50%)
[80.841s][info][gc] GC(93) Garbage Collection (Proactive) 12M(60%)->10M(50%)
[81.841s][info][gc] GC(94) Garbage Collection (Proactive) 12M(60%)->10M(50%)
[82.842s][info][gc] GC(95) Garbage Collection (Proactive) 12M(60%)->10M(50%)
[83.841s][info][gc] GC(96) Garbage Collection (Proactive) 12M(60%)->10M(50%)
[84.841s][info][gc] GC(97) Garbage Collection (Proactive) 12M(60%)->10M(50%)
[85.841s][info][gc] GC(98) Garbage Collection (Proactive) 12M(60%)->10M(50%)
[86.842s][info][gc] GC(99) Garbage Collection (Proactive) 12M(60%)->10M(50%)
[87.841s][info][gc] GC(100) Garbage Collection (Proactive) 12M(60%)->10M(50%)
[88.841s][info][gc] GC(101) Garbage Collection (Proactive) 12M(60%)->10M(50%)
[89.841s][info][gc] GC(102) Garbage Collection (Proactive) 12M(60%)->10M(50%)
[90.841s][info][gc] GC(103) Garbage Collection (Proactive) 12M(60%)->10M(50%)
[91.842s][info][gc] GC(104) Garbage Collection (Proactive) 12M(60%)->10M(50%)
[92.841s][info][gc] GC(105) Garbage Collection (Proactive) 12M(60%)->10M(50%)
[93.841s][info][gc] GC(106) Garbage Collection (Proactive) 12M(60%)->10M(50%)
[94.842s][info][gc] GC(107) Garbage Collection (Proactive) 12M(60%)->10M(50%)
[95.842s][info][gc] GC(108) Garbage Collection (Proactive) 12M(60%)->10M(50%)
[96.841s][info][gc] GC(109) Garbage Collection (Proactive) 12M(60%)->10M(50%)
[97.841s][info][gc] GC(110) Garbage Collection (Proactive) 12M(60%)->10M(50%)
[98.841s][info][gc] GC(111) Garbage Collection (Proactive) 12M(60%)->10M(50%)
[99.842s][info][gc] GC(112) Garbage Collection (Proactive) 12M(60%)->10M(50%)
[100.842s][info][gc] GC(113) Garbage Collection (Proactive) 12M(60%)->10M(50%)
[101.841s][info][gc] GC(114) Garbage Collection (Proactive) 12M(60%)->10M(50%)
[102.841s][info][gc] GC(115) Garbage Collection (Proactive) 12M(60%)->10M(50%)
[103.842s][info][gc] GC(116) Garbage Collection (Proactive) 12M(60%)->10M(50%)
[104.842s][info][gc] GC(117) Garbage Collection (Proactive) 12M(60%)->10M(50%)
[105.841s][info][gc] GC(118) Garbage Collection (Proactive) 12M(60%)->10M(50%)
[106.841s][info][gc] GC(119) Garbage Collection (Proactive) 12M(60%)->10M(50%)
[107.841s][info][gc] GC(120) Garbage Collection (Proactive) 12M(60%)->10M(50%)
[108.741s][info][gc] GC(121) Garbage Collection (Proactive) 12M(60%)->10M(50%)
[109.142s][info][gc] GC(122) Garbage Collection (Proactive) 12M(60%)->10M(50%)
[109.841s][info][gc] GC(123) Garbage Collection (Proactive) 12M(60%)->10M(50%)
[110.841s][info][gc] GC(124) Garbage Collection (Proactive) 12M(60%)->10M(50%)
[111.842s][info][gc] GC(125) Garbage Collection (Proactive) 12M(60%)->10M(50%)
[112.841s][info][gc] GC(126) Garbage Collection (Proactive) 12M(60%)->10M(50%)
[113.241s][info][gc] GC(127) Garbage Collection (Proactive) 12M(60%)->8M(40%)
[113.841s][info][gc] GC(128) Garbage Collection (Proactive) 10M(50%)->8M(40%)
[114.841s][info][gc] GC(129) Garbage Collection (Proactive) 10M(50%)->8M(40%)
[115.841s][info][gc] GC(130) Garbage Collection (Proactive) 10M(50%)->8M(40%)
[116.842s][info][gc] GC(131) Garbage Collection (Proactive) 10M(50%)->8M(40%)
[117.841s][info][gc] GC(132) Garbage Collection (Proactive) 10M(50%)->8M(40%)
[118.841s][info][gc] GC(133) Garbage Collection (Proactive) 10M(50%)->8M(40%)
[119.841s][info][gc] GC(134) Garbage Collection (Proactive) 10M(50%)->8M(40%)
[120.842s][info][gc] GC(135) Garbage Collection (Proactive) 10M(50%)->8M(40%)
[121.841s][info][gc] GC(136) Garbage Collection (Proactive) 10M(50%)->8M(40%)
[122.841s][info][gc] GC(137) Garbage Collection (Proactive) 10M(50%)->8M(40%)
[123.741s][info][gc] GC(138) Garbage Collection (Proactive) 10M(50%)->8M(40%)
[124.141s][info][gc] GC(139) Garbage Collection (Proactive) 10M(50%)->8M(40%)
[124.842s][info][gc] GC(140) Garbage Collection (Proactive) 10M(50%)->8M(40%)
[125.841s][info][gc] GC(141) Garbage Collection (Proactive) 10M(50%)->8M(40%)
[126.841s][info][gc] GC(142) Garbage Collection (Proactive) 10M(50%)->8M(40%)
[127.841s][info][gc] GC(143) Garbage Collection (Proactive) 10M(50%)->8M(40%)
[128.842s][info][gc] GC(144) Garbage Collection (Proactive) 10M(50%)->8M(40%)
[129.842s][info][gc] GC(145) Garbage Collection (Proactive) 10M(50%)->8M(40%)
[130.841s][info][gc] GC(146) Garbage Collection (Proactive) 10M(50%)->8M(40%)
[131.841s][info][gc] GC(147) Garbage Collection (Proactive) 10M(50%)->8M(40%)
[132.841s][info][gc] GC(148) Garbage Collection (Proactive) 10M(50%)->8M(40%)
[133.842s][info][gc] GC(149) Garbage Collection (Proactive) 10M(50%)->8M(40%)
[134.841s][info][gc] GC(150) Garbage Collection (Proactive) 10M(50%)->8M(40%)
[135.841s][info][gc] GC(151) Garbage Collection (Proactive) 10M(50%)->8M(40%)
[136.841s][info][gc] GC(152) Garbage Collection (Proactive) 10M(50%)->8M(40%)
[137.842s][info][gc] GC(153) Garbage Collection (Proactive) 10M(50%)->8M(40%)
[138.841s][info][gc] GC(154) Garbage Collection (Proactive) 10M(50%)->8M(40%)
[139.841s][info][gc] GC(155) Garbage Collection (Proactive) 10M(50%)->8M(40%)
[140.841s][info][gc] GC(156) Garbage Collection (Proactive) 10M(50%)->8M(40%)
[141.841s][info][gc] GC(157) Garbage Collection (Proactive) 10M(50%)->8M(40%)
[142.842s][info][gc] GC(158) Garbage Collection (Proactive) 10M(50%)->8M(40%)
[143.841s][info][gc] GC(159) Garbage Collection (Proactive) 10M(50%)->8M(40%)
[144.841s][info][gc] GC(160) Garbage Collection (Proactive) 10M(50%)->8M(40%)
[145.842s][info][gc] GC(161) Garbage Collection (Proactive) 10M(50%)->8M(40%)
[146.842s][info][gc] GC(162) Garbage Collection (Proactive) 10M(50%)->8M(40%)
[147.841s][info][gc] GC(163) Garbage Collection (Proactive) 10M(50%)->8M(40%)
[148.841s][info][gc] GC(164) Garbage Collection (Proactive) 10M(50%)->8M(40%)
[149.841s][info][gc] GC(165) Garbage Collection (Proactive) 10M(50%)->8M(40%)
[150.842s][info][gc] GC(166) Garbage Collection (Proactive) 10M(50%)->8M(40%)
[151.842s][info][gc] GC(167) Garbage Collection (Proactive) 10M(50%)->8M(40%)
[152.841s][info][gc] GC(168) Garbage Collection (Proactive) 10M(50%)->10M(50%)
[167.942s][info][gc] GC(169) Garbage Collection (Proactive) 12M(60%)->8M(40%)
[168.842s][info][gc] GC(170) Garbage Collection (Proactive) 10M(50%)->10M(50%)
[176.941s][info][gc] GC(171) Garbage Collection (Proactive) 12M(60%)->8M(40%)
[177.842s][info][gc] GC(172) Garbage Collection (Proactive) 10M(50%)->8M(40%)
[178.343s][info][gc] GC(173) Garbage Collection (Proactive) 10M(50%)->8M(40%)
[178.842s][info][gc] GC(174) Garbage Collection (Proactive) 10M(50%)->8M(40%)
[179.343s][info][gc] GC(175) Garbage Collection (Proactive) 10M(50%)->8M(40%)
[179.842s][info][gc] GC(176) Garbage Collection (Proactive) 10M(50%)->8M(40%)
[180.342s][info][gc] GC(177) Garbage Collection (Proactive) 10M(50%)->8M(40%)
[180.842s][info][gc] GC(178) Garbage Collection (Proactive) 10M(50%)->8M(40%)
[181.342s][info][gc] GC(179) Garbage Collection (Proactive) 10M(50%)->8M(40%)
[181.842s][info][gc] GC(180) Garbage Collection (Proactive) 10M(50%)->8M(40%)
[182.241s][info][gc] GC(181) Garbage Collection (Proactive) 10M(50%)->8M(40%)
[182.842s][info][gc] GC(182) Garbage Collection (Proactive) 10M(50%)->8M(40%)
[183.344s][info][gc] GC(183) Garbage Collection (Proactive) 10M(50%)->8M(40%)
[183.942s][info][gc] GC(184) Garbage Collection (Proactive) 10M(50%)->8M(40%)
[184.841s][info][gc] GC(185) Garbage Collection (Proactive) 10M(50%)->8M(40%)
[185.341s][info][gc] GC(186) Garbage Collection (Proactive) 10M(50%)->8M(40%)
[185.841s][info][gc] GC(187) Garbage Collection (Proactive) 10M(50%)->8M(40%)
[186.342s][info][gc] GC(188) Garbage Collection (Proactive) 10M(50%)->8M(40%)
[186.842s][info][gc] GC(189) Garbage Collection (Proactive) 10M(50%)->8M(40%)
[187.342s][info][gc] GC(190) Garbage Collection (Proactive) 10M(50%)->8M(40%)
[187.841s][info][gc] GC(191) Garbage Collection (Proactive) 10M(50%)->8M(40%)
[188.241s][info][gc] GC(192) Garbage Collection (Proactive) 10M(50%)->8M(40%)
[188.841s][info][gc] GC(193) Garbage Collection (Proactive) 10M(50%)->8M(40%)
[189.241s][info][gc] GC(194) Garbage Collection (Proactive) 10M(50%)->8M(40%)
[189.841s][info][gc] GC(195) Garbage Collection (Proactive) 10M(50%)->8M(40%)
[190.242s][info][gc] GC(196) Garbage Collection (Proactive) 12M(60%)->10M(50%)
[190.842s][info][gc] GC(197) Garbage Collection (Proactive) 12M(60%)->10M(50%)
[191.342s][info][gc] GC(198) Garbage Collection (Proactive) 12M(60%)->10M(50%)
[191.842s][info][gc] GC(199) Garbage Collection (Proactive) 12M(60%)->10M(50%)
[192.341s][info][gc] GC(200) Garbage Collection (Proactive) 12M(60%)->10M(50%)
[192.841s][info][gc] GC(201) Garbage Collection (Proactive) 12M(60%)->10M(50%)
[193.341s][info][gc] GC(202) Garbage Collection (Proactive) 12M(60%)->10M(50%)
[193.841s][info][gc] GC(203) Garbage Collection (Proactive) 12M(60%)->10M(50%)
[194.241s][info][gc] GC(204) Garbage Collection (Proactive) 12M(60%)->10M(50%)
[194.741s][info][gc] GC(205) Garbage Collection (Proactive) 12M(60%)->8M(40%)
[195.142s][info][gc] GC(206) Garbage Collection (Proactive) 10M(50%)->8M(40%)
[195.841s][info][gc] GC(207) Garbage Collection (Proactive) 10M(50%)->8M(40%)
[196.242s][info][gc] GC(208) Garbage Collection (Proactive) 10M(50%)->8M(40%)
[196.841s][info][gc] GC(209) Garbage Collection (Proactive) 10M(50%)->8M(40%)
[197.241s][info][gc] GC(210) Garbage Collection (Proactive) 10M(50%)->8M(40%)
[197.841s][info][gc] GC(211) Garbage Collection (Proactive) 10M(50%)->8M(40%)
[198.341s][info][gc] GC(212) Garbage Collection (Proactive) 10M(50%)->8M(40%)
[198.842s][info][gc] GC(213) Garbage Collection (Proactive) 10M(50%)->8M(40%)
[199.342s][info][gc] GC(214) Garbage Collection (Proactive) 10M(50%)->8M(40%)
[199.842s][info][gc] GC(215) Garbage Collection (Proactive) 10M(50%)->8M(40%)
[200.342s][info][gc] GC(216) Garbage Collection (Proactive) 10M(50%)->8M(40%)
[200.842s][info][gc] GC(217) Garbage Collection (Proactive) 10M(50%)->8M(40%)
[201.341s][info][gc] GC(218) Garbage Collection (Proactive) 10M(50%)->8M(40%)
[201.841s][info][gc] GC(219) Garbage Collection (Proactive) 10M(50%)->8M(40%)
[202.341s][info][gc] GC(220) Garbage Collection (Proactive) 10M(50%)->8M(40%)
[202.841s][info][gc] GC(221) Garbage Collection (Proactive) 10M(50%)->8M(40%)
[203.241s][info][gc] GC(222) Garbage Collection (Proactive) 10M(50%)->8M(40%)
[203.842s][info][gc] GC(223) Garbage Collection (Proactive) 10M(50%)->8M(40%)
[204.342s][info][gc] GC(224) Garbage Collection (Proactive) 10M(50%)->8M(40%)
[204.842s][info][gc] GC(225) Garbage Collection (Proactive) 10M(50%)->8M(40%)
[205.342s][info][gc] GC(226) Garbage Collection (Proactive) 10M(50%)->8M(40%)
[205.841s][info][gc] GC(227) Garbage Collection (Proactive) 10M(50%)->8M(40%)
[206.241s][info][gc] GC(228) Garbage Collection (Proactive) 10M(50%)->8M(40%)
[206.841s][info][gc] GC(229) Garbage Collection (Proactive) 10M(50%)->8M(40%)
[207.341s][info][gc] GC(230) Garbage Collection (Proactive) 10M(50%)->8M(40%)
[207.841s][info][gc] GC(231) Garbage Collection (Proactive) 10M(50%)->8M(40%)
[208.341s][info][gc] GC(232) Garbage Collection (Proactive) 10M(50%)->8M(40%)
[208.842s][info][gc] GC(233) Garbage Collection (Proactive) 10M(50%)->8M(40%)
[209.242s][info][gc] GC(234) Garbage Collection (Proactive) 10M(50%)->8M(40%)
[209.842s][info][gc] GC(235) Garbage Collection (Proactive) 10M(50%)->8M(40%)
[210.241s][info][gc] GC(236) Garbage Collection (Proactive) 10M(50%)->8M(40%)
[210.841s][info][gc] GC(237) Garbage Collection (Proactive) 10M(50%)->8M(40%)
[211.241s][info][gc] GC(238) Garbage Collection (Proactive) 10M(50%)->8M(40%)
[211.393s][info][gc] Allocation Stall (main) 7.938ms
[211.394s][info][gc] GC(239) Garbage Collection (Allocation Stall) 18M(90%)->12M(60%)
[211.406s][info][gc] Allocation Stall (main) 6.578ms
[211.408s][info][gc] GC(240) Garbage Collection (Allocation Stall) 18M(90%)->14M(70%)
[211.418s][info][gc] Allocation Stall (main) 5.555ms
[211.420s][info][gc] GC(241) Garbage Collection (Allocation Stall) 18M(90%)->14M(70%)
[211.430s][info][gc] Allocation Stall (main) 6.345ms
[211.432s][info][gc] GC(242) Garbage Collection (Allocation Stall) 18M(90%)->16M(80%)
[211.441s][info][gc] GC(243) Garbage Collection (Allocation Rate) 16M(80%)->18M(90%)
[211.541s][info][gc] GC(244) Garbage Collection (Allocation Rate) 18M(90%)->8M(40%)
[211.641s][info][gc] GC(245) Garbage Collection (Allocation Rate) 8M(40%)->8M(40%)
[211.741s][info][gc] GC(246) Garbage Collection (Allocation Rate) 8M(40%)->8M(40%)
[211.842s][info][gc] GC(247) Garbage Collection (Allocation Rate) 10M(50%)->8M(40%)
[211.942s][info][gc] GC(248) Garbage Collection (Allocation Rate) 10M(50%)->8M(40%)
[212.042s][info][gc] GC(249) Garbage Collection (Allocation Rate) 8M(40%)->8M(40%)
[212.142s][info][gc] GC(250) Garbage Collection (Allocation Rate) 8M(40%)->8M(40%)
[212.241s][info][gc] GC(251) Garbage Collection (Allocation Rate) 8M(40%)->8M(40%)
[212.842s][info][gc] GC(252) Garbage Collection (Proactive) 10M(50%)->8M(40%)
[213.342s][info][gc] GC(253) Garbage Collection (Proactive) 10M(50%)->8M(40%)
[213.842s][info][gc] GC(254) Garbage Collection (Proactive) 10M(50%)->8M(40%)
[214.342s][info][gc] GC(255) Garbage Collection (Proactive) 10M(50%)->8M(40%)
[214.841s][info][gc] GC(256) Garbage Collection (Proactive) 10M(50%)->8M(40%)
[215.342s][info][gc] GC(257) Garbage Collection (Proactive) 10M(50%)->8M(40%)
[215.842s][info][gc] GC(258) Garbage Collection (Proactive) 10M(50%)->8M(40%)
[216.341s][info][gc] GC(259) Garbage Collection (Proactive) 10M(50%)->8M(40%)
[216.842s][info][gc] GC(260) Garbage Collection (Proactive) 10M(50%)->8M(40%)
[217.342s][info][gc] GC(261) Garbage Collection (Proactive) 10M(50%)->8M(40%)
[217.842s][info][gc] GC(262) Garbage Collection (Proactive) 10M(50%)->8M(40%)
[218.342s][info][gc] GC(263) Garbage Collection (Proactive) 10M(50%)->8M(40%)
[218.842s][info][gc] GC(264) Garbage Collection (Proactive) 10M(50%)->8M(40%)
[219.342s][info][gc] GC(265) Garbage Collection (Proactive) 10M(50%)->8M(40%)
[219.842s][info][gc] GC(266) Garbage Collection (Proactive) 10M(50%)->8M(40%)
[220.342s][info][gc] GC(267) Garbage Collection (Proactive) 10M(50%)->8M(40%)
[220.842s][info][gc] GC(268) Garbage Collection (Proactive) 10M(50%)->8M(40%)
[221.341s][info][gc] GC(269) Garbage Collection (Proactive) 10M(50%)->8M(40%)
[221.841s][info][gc] GC(270) Garbage Collection (Proactive) 10M(50%)->8M(40%)
[222.342s][info][gc] GC(271) Garbage Collection (Proactive) 10M(50%)->8M(40%)
[222.841s][info][gc] GC(272) Garbage Collection (Proactive) 10M(50%)->8M(40%)
[223.342s][info][gc] GC(273) Garbage Collection (Proactive) 10M(50%)->8M(40%)
[223.842s][info][gc] GC(274) Garbage Collection (Proactive) 10M(50%)->8M(40%)
[224.342s][info][gc] GC(275) Garbage Collection (Proactive) 10M(50%)->8M(40%)
[224.842s][info][gc] GC(276) Garbage Collection (Proactive) 10M(50%)->8M(40%)
[225.343s][info][gc] GC(277) Garbage Collection (Proactive) 10M(50%)->8M(40%)
[225.841s][info][gc] GC(278) Garbage Collection (Proactive) 10M(50%)->8M(40%)
[226.341s][info][gc] GC(279) Garbage Collection (Proactive) 10M(50%)->8M(40%)
[226.841s][info][gc] GC(280) Garbage Collection (Proactive) 10M(50%)->8M(40%)
